{
  "test_id": "map_entries",
  "pyspark_version": "3.5",
  "generated_at": "2025-10-27T14:13:24.748050",
  "input_data": [
    {
      "id": 1,
      "map1": {
        "a": 1,
        "b": 2
      },
      "map2": {
        "c": 3,
        "d": 4
      },
      "key": "a"
    },
    {
      "id": 2,
      "map1": {
        "x": 10,
        "y": 20
      },
      "map2": {
        "z": 30
      },
      "key": "x"
    },
    {
      "id": 3,
      "map1": {
        "p": 100,
        "q": 200
      },
      "map2": {
        "r": 300
      },
      "key": "p"
    }
  ],
  "operation": "DataFrame operation: map_entries",
  "expected_output": {
    "schema": {
      "field_count": 1,
      "field_names": [
        "map_entries(map1)"
      ],
      "field_types": [
        "array"
      ],
      "fields": [
        {
          "name": "map_entries(map1)",
          "type": "array",
          "nullable": true
        }
      ]
    },
    "data": [
      {
        "map_entries(map1)": [
          {
            "key": "a",
            "value": 1
          },
          {
            "key": "b",
            "value": 2
          }
        ]
      },
      {
        "map_entries(map1)": [
          {
            "key": "x",
            "value": 10
          },
          {
            "key": "y",
            "value": 20
          }
        ]
      },
      {
        "map_entries(map1)": [
          {
            "key": "p",
            "value": 100
          },
          {
            "key": "q",
            "value": 200
          }
        ]
      }
    ],
    "row_count": 3
  }
}