{
  "test_id": "math_cosh",
  "pyspark_version": "3.5",
  "generated_at": "2025-10-27T14:13:23.859100",
  "input_data": [
    {
      "id": 1,
      "x": 0.5,
      "y": 1.2,
      "angle": 0.785,
      "value": 4.5
    },
    {
      "id": 2,
      "x": 1.0,
      "y": 2.5,
      "angle": 1.57,
      "value": 3.2
    },
    {
      "id": 3,
      "x": 2.0,
      "y": 3.0,
      "angle": 0.0,
      "value": 7.8
    }
  ],
  "operation": "DataFrame operation: math_cosh",
  "expected_output": {
    "schema": {
      "field_count": 1,
      "field_names": [
        "COSH(x)"
      ],
      "field_types": [
        "double"
      ],
      "fields": [
        {
          "name": "COSH(x)",
          "type": "double",
          "nullable": true
        }
      ]
    },
    "data": [
      {
        "COSH(x)": 1.1276259652063807
      },
      {
        "COSH(x)": 1.543080634815244
      },
      {
        "COSH(x)": 3.7621956910836314
      }
    ],
    "row_count": 3
  }
}