{
  "test_id": "math_exp",
  "pyspark_version": "3.5",
  "generated_at": "2025-10-27T14:13:12.262328",
  "input_data": [
    {
      "id": 1,
      "name": "Alice",
      "age": 25,
      "salary": 50000.0,
      "active": true,
      "email": "alice@example.com"
    },
    {
      "id": 2,
      "name": "Bob",
      "age": 30,
      "salary": 60000.0,
      "active": false,
      "email": "bob@test.com"
    },
    {
      "id": 3,
      "name": "Charlie",
      "age": 35,
      "salary": 70000.0,
      "active": true,
      "email": "charlie@company.org"
    }
  ],
  "operation": "DataFrame operation: math_exp",
  "expected_output": {
    "schema": {
      "field_count": 1,
      "field_names": [
        "EXP(1)"
      ],
      "field_types": [
        "double"
      ],
      "fields": [
        {
          "name": "EXP(1)",
          "type": "double",
          "nullable": true
        }
      ]
    },
    "data": [
      {
        "EXP(1)": 2.7182818284590455
      },
      {
        "EXP(1)": 2.7182818284590455
      },
      {
        "EXP(1)": 2.7182818284590455
      }
    ],
    "row_count": 3
  }
}