{
  "test_id": "string_trim",
  "pyspark_version": "3.5",
  "generated_at": "2025-10-27T14:13:12.015795",
  "input_data": [
    {
      "id": 1,
      "name": "  Alice  ",
      "age": 25
    },
    {
      "id": 2,
      "name": "Bob",
      "age": 30
    },
    {
      "id": 3,
      "name": "  Charlie",
      "age": 35
    }
  ],
  "operation": "DataFrame operation: string_trim",
  "expected_output": {
    "schema": {
      "field_count": 1,
      "field_names": [
        "trim(name)"
      ],
      "field_types": [
        "string"
      ],
      "fields": [
        {
          "name": "trim(name)",
          "type": "string",
          "nullable": true
        }
      ]
    },
    "data": [
      {
        "trim(name)": "Alice"
      },
      {
        "trim(name)": "Bob"
      },
      {
        "trim(name)": "Charlie"
      }
    ],
    "row_count": 3
  }
}