{
  "test_id": "string_regexp_extract",
  "pyspark_version": "3.5",
  "generated_at": "2025-10-25T20:22:03.744504",
  "input_data": [
    {
      "id": 1,
      "name": "Alice",
      "age": 25,
      "salary": 50000.0,
      "active": true,
      "email": "alice@example.com"
    },
    {
      "id": 2,
      "name": "Bob",
      "age": 30,
      "salary": 60000.0,
      "active": false,
      "email": "bob@test.com"
    },
    {
      "id": 3,
      "name": "Charlie",
      "age": 35,
      "salary": 70000.0,
      "active": true,
      "email": "charlie@company.org"
    }
  ],
  "operation": "DataFrame operation: string_regexp_extract",
  "expected_output": {
    "schema": {
      "field_count": 1,
      "field_names": [
        "regexp_extract(email, @(.+), 1)"
      ],
      "field_types": [
        "string"
      ],
      "fields": [
        {
          "name": "regexp_extract(email, @(.+), 1)",
          "type": "string",
          "nullable": true
        }
      ]
    },
    "data": [
      {
        "regexp_extract(email, @(.+), 1)": "example.com"
      },
      {
        "regexp_extract(email, @(.+), 1)": "test.com"
      },
      {
        "regexp_extract(email, @(.+), 1)": "company.org"
      }
    ],
    "row_count": 3
  }
}