{
  "test_id": "unhex",
  "pyspark_version": "3.5",
  "generated_at": "2025-10-27T14:13:23.380610",
  "input_data": [
    {
      "id": 1,
      "name": "Alice",
      "text": "Hello World",
      "email": "alice@example.com"
    },
    {
      "id": 2,
      "name": "Bob",
      "text": "Test String",
      "email": "bob@test.com"
    },
    {
      "id": 3,
      "name": "Charlie",
      "text": "Python Data",
      "email": "charlie@company.org"
    }
  ],
  "operation": "DataFrame operation: unhex",
  "expected_output": {
    "schema": {
      "field_count": 1,
      "field_names": [
        "unhex(hex(name))"
      ],
      "field_types": [
        "binary"
      ],
      "fields": [
        {
          "name": "unhex(hex(name))",
          "type": "binary",
          "nullable": true
        }
      ]
    },
    "data": [
      {
        "unhex(hex(name))": "bytearray(b'Alice')"
      },
      {
        "unhex(hex(name))": "bytearray(b'Bob')"
      },
      {
        "unhex(hex(name))": "bytearray(b'Charlie')"
      }
    ],
    "row_count": 3
  }
}