{
  "test_id": "array_max",
  "pyspark_version": "3.5",
  "generated_at": "2025-10-27T14:13:24.310204",
  "input_data": [
    {
      "id": 1,
      "arr1": [
        1,
        2,
        3
      ],
      "arr2": [
        4,
        5
      ],
      "arr3": [
        1,
        2,
        3,
        4,
        5
      ],
      "value": 2
    },
    {
      "id": 2,
      "arr1": [
        10,
        20
      ],
      "arr2": [
        30,
        40,
        50
      ],
      "arr3": [
        10,
        20,
        30
      ],
      "value": 20
    },
    {
      "id": 3,
      "arr1": [
        5,
        10,
        15
      ],
      "arr2": [
        20,
        25
      ],
      "arr3": [
        5,
        5,
        10,
        10
      ],
      "value": 5
    }
  ],
  "operation": "DataFrame operation: array_max",
  "expected_output": {
    "schema": {
      "field_count": 1,
      "field_names": [
        "array_max(arr1)"
      ],
      "field_types": [
        "long"
      ],
      "fields": [
        {
          "name": "array_max(arr1)",
          "type": "long",
          "nullable": true
        }
      ]
    },
    "data": [
      {
        "array_max(arr1)": 3
      },
      {
        "array_max(arr1)": 20
      },
      {
        "array_max(arr1)": 15
      }
    ],
    "row_count": 3
  }
}