{
  "test_id": "array_distinct",
  "pyspark_version": "3.5",
  "generated_at": "2025-10-25T20:19:00.129117",
  "input_data": [
    {
      "id": 1,
      "name": "Alice",
      "scores": [
        85,
        90,
        78
      ],
      "tags": [
        "python",
        "data"
      ]
    },
    {
      "id": 2,
      "name": "Bob",
      "scores": [
        92,
        88,
        95
      ],
      "tags": [
        "java",
        "backend"
      ]
    },
    {
      "id": 3,
      "name": "Charlie",
      "scores": [
        76,
        82,
        89
      ],
      "tags": [
        "python",
        "ml"
      ]
    }
  ],
  "operation": "DataFrame operation: array_distinct",
  "expected_output": {
    "schema": {
      "field_count": 1,
      "field_names": [
        "array_distinct(tags)"
      ],
      "field_types": [
        "array"
      ],
      "fields": [
        {
          "name": "array_distinct(tags)",
          "type": "array",
          "nullable": true
        }
      ]
    },
    "data": [
      {
        "array_distinct(tags)": [
          "python",
          "data"
        ]
      },
      {
        "array_distinct(tags)": [
          "java",
          "backend"
        ]
      },
      {
        "array_distinct(tags)": [
          "python",
          "ml"
        ]
      }
    ],
    "row_count": 3
  }
}