{
  "test_id": "avg_over_window",
  "pyspark_version": "3.2",
  "generated_at": "2025-10-25T20:09:56.713113",
  "input_data": [
    {
      "id": 1,
      "name": "Alice",
      "department": "IT",
      "salary": 50000,
      "hire_date": "2020-01-15"
    },
    {
      "id": 2,
      "name": "Bob",
      "department": "HR",
      "salary": 60000,
      "hire_date": "2019-03-10"
    },
    {
      "id": 3,
      "name": "Charlie",
      "department": "IT",
      "salary": 70000,
      "hire_date": "2021-07-22"
    },
    {
      "id": 4,
      "name": "David",
      "department": "IT",
      "salary": 55000,
      "hire_date": "2020-11-05"
    }
  ],
  "operation": "DataFrame operation: avg_over_window",
  "expected_output": {
    "schema": {
      "field_count": 6,
      "field_names": [
        "department",
        "hire_date",
        "id",
        "name",
        "salary",
        "dept_avg"
      ],
      "field_types": [
        "string",
        "string",
        "long",
        "string",
        "long",
        "double"
      ],
      "fields": [
        {
          "name": "department",
          "type": "string",
          "nullable": true
        },
        {
          "name": "hire_date",
          "type": "string",
          "nullable": true
        },
        {
          "name": "id",
          "type": "long",
          "nullable": true
        },
        {
          "name": "name",
          "type": "string",
          "nullable": true
        },
        {
          "name": "salary",
          "type": "long",
          "nullable": true
        },
        {
          "name": "dept_avg",
          "type": "double",
          "nullable": true
        }
      ]
    },
    "data": [
      {
        "department": "HR",
        "hire_date": "2019-03-10",
        "id": 2,
        "name": "Bob",
        "salary": 60000,
        "dept_avg": 60000.0
      },
      {
        "department": "IT",
        "hire_date": "2020-01-15",
        "id": 1,
        "name": "Alice",
        "salary": 50000,
        "dept_avg": 58333.333333333336
      },
      {
        "department": "IT",
        "hire_date": "2021-07-22",
        "id": 3,
        "name": "Charlie",
        "salary": 70000,
        "dept_avg": 58333.333333333336
      },
      {
        "department": "IT",
        "hire_date": "2020-11-05",
        "id": 4,
        "name": "David",
        "salary": 55000,
        "dept_avg": 58333.333333333336
      }
    ],
    "row_count": 4
  }
}