{
  "test_id": "when_otherwise",
  "pyspark_version": "3.5",
  "generated_at": "2025-10-25T20:18:50.072733",
  "input_data": [
    {
      "id": 1,
      "name": "Alice",
      "age": 25,
      "salary": 50000.0,
      "department": "IT"
    },
    {
      "id": 2,
      "name": null,
      "age": 30,
      "salary": null,
      "department": "HR"
    },
    {
      "id": 3,
      "name": "Charlie",
      "age": null,
      "salary": 70000.0,
      "department": null
    },
    {
      "id": 4,
      "name": "David",
      "age": 40,
      "salary": 80000.0,
      "department": "Finance"
    }
  ],
  "operation": "DataFrame operation: when_otherwise",
  "expected_output": {
    "schema": {
      "field_count": 1,
      "field_names": [
        "CASE WHEN (salary IS NULL) THEN 0 ELSE salary END"
      ],
      "field_types": [
        "double"
      ],
      "fields": [
        {
          "name": "CASE WHEN (salary IS NULL) THEN 0 ELSE salary END",
          "type": "double",
          "nullable": true
        }
      ]
    },
    "data": [
      {
        "CASE WHEN (salary IS NULL) THEN 0 ELSE salary END": 50000.0
      },
      {
        "CASE WHEN (salary IS NULL) THEN 0 ELSE salary END": 0.0
      },
      {
        "CASE WHEN (salary IS NULL) THEN 0 ELSE salary END": 70000.0
      },
      {
        "CASE WHEN (salary IS NULL) THEN 0 ELSE salary END": 80000.0
      }
    ],
    "row_count": 4
  }
}