{
  "test_id": "distinct",
  "pyspark_version": "3.5",
  "generated_at": "2025-10-25T20:19:21.633912",
  "input_data": [
    {
      "id": 1,
      "name": "Alice",
      "age": 25,
      "salary": 50000.0,
      "department": "IT"
    },
    {
      "id": 2,
      "name": "Bob",
      "age": 30,
      "salary": 60000.0,
      "department": "HR"
    },
    {
      "id": 3,
      "name": "Charlie",
      "age": 35,
      "salary": 70000.0,
      "department": "IT"
    },
    {
      "id": 4,
      "name": "David",
      "age": 40,
      "salary": 80000.0,
      "department": "Finance"
    }
  ],
  "operation": "DataFrame operation: distinct",
  "expected_output": {
    "schema": {
      "field_count": 1,
      "field_names": [
        "department"
      ],
      "field_types": [
        "string"
      ],
      "fields": [
        {
          "name": "department",
          "type": "string",
          "nullable": true
        }
      ]
    },
    "data": [
      {
        "department": "HR"
      },
      {
        "department": "Finance"
      },
      {
        "department": "IT"
      }
    ],
    "row_count": 3
  }
}