{
  "test_id": "collect_set",
  "pyspark_version": "3.5",
  "generated_at": "2025-10-27T14:13:28.054311",
  "input_data": [
    {
      "id": 1,
      "name": "Alice",
      "age": 25,
      "salary": 50000.0,
      "dept": "IT"
    },
    {
      "id": 2,
      "name": "Bob",
      "age": 30,
      "salary": 60000.0,
      "dept": "HR"
    },
    {
      "id": 3,
      "name": "Charlie",
      "age": 35,
      "salary": 70000.0,
      "dept": "IT"
    },
    {
      "id": 4,
      "name": "David",
      "age": 40,
      "salary": 80000.0,
      "dept": "IT"
    }
  ],
  "operation": "DataFrame operation: collect_set",
  "expected_output": {
    "schema": {
      "field_count": 1,
      "field_names": [
        "collect_set(name)"
      ],
      "field_types": [
        "array"
      ],
      "fields": [
        {
          "name": "collect_set(name)",
          "type": "array",
          "nullable": false
        }
      ]
    },
    "data": [
      {
        "collect_set(name)": [
          "Bob",
          "Alice",
          "Charlie",
          "David"
        ]
      }
    ],
    "row_count": 1
  }
}