{
  "test_id": "count_aggregation",
  "pyspark_version": "3.5",
  "generated_at": "2024-01-15T10:30:00Z",
  "input_data": [
    {
      "id": 1,
      "name": "Alice",
      "department": "IT",
      "salary": 50000
    },
    {
      "id": 2,
      "name": "Bob",
      "department": "HR",
      "salary": 60000
    },
    {
      "id": 3,
      "name": "Charlie",
      "department": "IT",
      "salary": 70000
    },
    {
      "id": 4,
      "name": "David",
      "department": "Finance",
      "salary": 80000
    }
  ],
  "expected_output": {
    "schema": {
      "field_count": 2,
      "field_names": [
        "department",
        "employee_count"
      ],
      "field_types": [
        "StringType()",
        "LongType()"
      ],
      "fields": [
        {
          "name": "department",
          "type": "StringType()",
          "nullable": true
        },
        {
          "name": "employee_count",
          "type": "LongType()",
          "nullable": false
        }
      ]
    },
    "data": [
      {
        "department": "HR",
        "employee_count": 1
      },
      {
        "department": "Finance",
        "employee_count": 1
      },
      {
        "department": "IT",
        "employee_count": 2
      }
    ],
    "row_count": 3
  }
}