{
  "test_id": "add_months",
  "pyspark_version": "3.5",
  "generated_at": "2025-10-27T14:13:24.942810",
  "input_data": [
    {
      "id": 1,
      "date": "2020-01-15",
      "timestamp": "2020-01-15 10:30:00"
    },
    {
      "id": 2,
      "date": "2019-03-10",
      "timestamp": "2019-03-10 14:20:00"
    },
    {
      "id": 3,
      "date": "2021-07-22",
      "timestamp": "2021-07-22 08:15:00"
    }
  ],
  "operation": "DataFrame operation: add_months",
  "expected_output": {
    "schema": {
      "field_count": 1,
      "field_names": [
        "add_months(date, 3)"
      ],
      "field_types": [
        "date"
      ],
      "fields": [
        {
          "name": "add_months(date, 3)",
          "type": "date",
          "nullable": true
        }
      ]
    },
    "data": [
      {
        "add_months(date, 3)": "2020-04-15"
      },
      {
        "add_months(date, 3)": "2019-06-10"
      },
      {
        "add_months(date, 3)": "2021-10-22"
      }
    ],
    "row_count": 3
  }
}