{
  "test_id": "union",
  "pyspark_version": "3.2",
  "generated_at": "2025-10-25T20:07:51.083129",
  "input_data": [
    {
      "id": 1,
      "name": "Alice",
      "age": 25
    },
    {
      "id": 2,
      "name": "Bob",
      "age": 30
    },
    {
      "id": 3,
      "name": "Charlie",
      "age": 35
    },
    {
      "id": 2,
      "name": "Bob",
      "age": 30
    },
    {
      "id": 3,
      "name": "Charlie",
      "age": 35
    },
    {
      "id": 4,
      "name": "David",
      "age": 40
    }
  ],
  "operation": "DataFrame operation: union",
  "expected_output": {
    "schema": {
      "field_count": 3,
      "field_names": [
        "age",
        "id",
        "name"
      ],
      "field_types": [
        "long",
        "long",
        "string"
      ],
      "fields": [
        {
          "name": "age",
          "type": "long",
          "nullable": true
        },
        {
          "name": "id",
          "type": "long",
          "nullable": true
        },
        {
          "name": "name",
          "type": "string",
          "nullable": true
        }
      ]
    },
    "data": [
      {
        "age": 25,
        "id": 1,
        "name": "Alice"
      },
      {
        "age": 30,
        "id": 2,
        "name": "Bob"
      },
      {
        "age": 35,
        "id": 3,
        "name": "Charlie"
      },
      {
        "age": 30,
        "id": 2,
        "name": "Bob"
      },
      {
        "age": 35,
        "id": 3,
        "name": "Charlie"
      },
      {
        "age": 40,
        "id": 4,
        "name": "David"
      }
    ],
    "row_count": 6
  }
}